W 06/01 06:30:15 chart.GetCurrentState retrying due to error | file:71
